2026-06-03 13:17:30,484] [INFO] file=/usr/local/lib/python3.10/dist-packages/pywps/app/Service.py line=290 module=Service function=call Request: execute
2026-06-03 13:17:30,643] [INFO] file=/usr/local/lib/python3.10/dist-packages/pywps/app/Process.py line=337 module=Process function=clean Removing temporary working directory: /app/workdir/pywps_process_53qd5kfo
2026-06-03 13:23:00,085] [INFO] file=/usr/local/lib/python3.10/dist-packages/pywps/app/Service.py line=290 module=Service function=call Request: execute
2026-06-03 13:23:00,220] [INFO] file=/usr/local/lib/python3.10/dist-packages/pywps/app/Process.py line=337 module=Process function=clean Removing temporary working directory: /app/workdir/pywps_process_5sgah5vc
2026-06-03 13:23:05,012] [INFO] file=/usr/local/lib/python3.10/dist-packages/pywps/app/Service.py line=290 module=Service function=call Request: execute
2026-06-03 13:23:05,146] [INFO] file=/usr/local/lib/python3.10/dist-packages/pywps/app/Process.py line=337 module=Process function=clean Removing temporary working directory: /app/workdir/pywps_process_gvb0smkl
2026-06-03 14:12:14,157] [INFO] file=/usr/local/lib/python3.10/dist-packages/pywps/app/Service.py line=290 module=Service function=call Request: getcapabilities
2026-06-03 14:12:17,387] [INFO] file=/usr/local/lib/python3.10/dist-packages/pywps/app/Service.py line=290 module=Service function=call Request: describeprocess
2026-06-03 14:12:21,598] [INFO] file=/usr/local/lib/python3.10/dist-packages/pywps/app/Service.py line=290 module=Service function=call Request: execute
2026-06-03 14:12:21,694] [INFO] file=/usr/local/lib/python3.10/dist-packages/pywps/processing/__init__.py line=32 module=__init__ function=Process Processing mode: default
2026-06-03 14:12:21,752] [INFO] file=/usr/local/lib/python3.10/dist-packages/pywps/app/Process.py line=337 module=Process function=clean Removing temporary working directory: /app/workdir/pywps_process_kv8_03i1
2026-06-03 14:15:28,198] [INFO] file=/usr/local/lib/python3.10/dist-packages/pywps/app/Service.py line=290 module=Service function=call Request: getcapabilities
2026-06-03 14:15:30,627] [INFO] file=/usr/local/lib/python3.10/dist-packages/pywps/app/Service.py line=290 module=Service function=call Request: describeprocess
2026-06-03 14:15:41,077] [INFO] file=/usr/local/lib/python3.10/dist-packages/pywps/app/Service.py line=290 module=Service function=call Request: execute
2026-06-03 14:15:41,141] [INFO] file=/usr/local/lib/python3.10/dist-packages/pywps/processing/__init__.py line=32 module=__init__ function=Process Processing mode: default
2026-06-03 14:15:41,189] [INFO] file=/usr/local/lib/python3.10/dist-packages/pywps/app/Process.py line=337 module=Process function=clean Removing temporary working directory: /app/workdir/pywps_process_fh2s9vg0
2026-06-03 14:17:35,847] [INFO] file=/usr/local/lib/python3.10/dist-packages/pywps/app/Service.py line=290 module=Service function=call Request: getcapabilities
2026-06-03 14:17:39,549] [INFO] file=/usr/local/lib/python3.10/dist-packages/pywps/app/Service.py line=290 module=Service function=call Request: describeprocess
2026-06-03 14:17:45,467] [INFO] file=/usr/local/lib/python3.10/dist-packages/pywps/app/Service.py line=290 module=Service function=call Request: execute
2026-06-03 14:17:45,532] [INFO] file=/usr/local/lib/python3.10/dist-packages/pywps/processing/__init__.py line=32 module=__init__ function=Process Processing mode: default
2026-06-03 14:17:45,580] [INFO] file=/usr/local/lib/python3.10/dist-packages/pywps/app/Process.py line=337 module=Process function=clean Removing temporary working directory: /app/workdir/pywps_process_v2ww36z0
2026-06-03 14:27:38,633] [INFO] file=/usr/local/lib/python3.10/dist-packages/pywps/app/Service.py line=290 module=Service function=call Request: getcapabilities
2026-06-03 14:27:40,597] [INFO] file=/usr/local/lib/python3.10/dist-packages/pywps/app/Service.py line=290 module=Service function=call Request: describeprocess
2026-06-03 14:27:48,438] [INFO] file=/usr/local/lib/python3.10/dist-packages/pywps/app/Service.py line=290 module=Service function=call Request: execute
2026-06-03 14:27:48,502] [INFO] file=/usr/local/lib/python3.10/dist-packages/pywps/processing/__init__.py line=32 module=__init__ function=Process Processing mode: default
2026-06-03 14:27:48,550] [INFO] file=/usr/local/lib/python3.10/dist-packages/pywps/app/Process.py line=337 module=Process function=clean Removing temporary working directory: /app/workdir/pywps_process_1ivj7col
